[INFO] Scanning for projects...
[INFO] 
[INFO] ---------------------< com.acme:salary-management >---------------------
[INFO] Building acme-salary-management 0.0.1-SNAPSHOT
[INFO]   from pom.xml
[INFO] --------------------------------[ jar ]---------------------------------
[INFO] 
[INFO] --- resources:3.3.1:resources (default-resources) @ salary-management ---
[INFO] Copying 3 resources from src\main\resources to target\classes
[INFO] Copying 8 resources from src\main\resources to target\classes
[INFO] 
[INFO] --- compiler:3.14.1:compile (default-compile) @ salary-management ---
[INFO] Recompiling the module because of changed source code.
[INFO] Compiling 53 source files with javac [debug parameters release 21] to target\classes
[INFO] 
[INFO] --- resources:3.3.1:testResources (default-testResources) @ salary-management ---
[INFO] Copying 1 resource from src\test\resources to target\test-classes
[INFO] 
[INFO] --- compiler:3.14.1:testCompile (default-testCompile) @ salary-management ---
[INFO] Recompiling the module because of changed dependency.
[INFO] Compiling 8 source files with javac [debug parameters release 21] to target\test-classes
[INFO] -------------------------------------------------------------
[ERROR] COMPILATION ERROR : 
[INFO] -------------------------------------------------------------
[ERROR] /C:/Users/LENOVO/Desktop/Batul/ESM/backend/src/test/java/com/acme/salarymanagement/security/AuthenticationIntegrationTest.java:[66,37] illegal text block open delimiter sequence, missing line terminator
[ERROR] /C:/Users/LENOVO/Desktop/Batul/ESM/backend/src/test/java/com/acme/salarymanagement/security/AuthenticationIntegrationTest.java:[66,38] not a statement
[ERROR] /C:/Users/LENOVO/Desktop/Batul/ESM/backend/src/test/java/com/acme/salarymanagement/security/AuthenticationIntegrationTest.java:[66,45] ';' expected
[ERROR] /C:/Users/LENOVO/Desktop/Batul/ESM/backend/src/test/java/com/acme/salarymanagement/security/AuthenticationIntegrationTest.java:[66,100] illegal text block open delimiter sequence, missing line terminator
[ERROR] /C:/Users/LENOVO/Desktop/Batul/ESM/backend/src/test/java/com/acme/salarymanagement/security/AuthenticationIntegrationTest.java:[77,37] illegal text block open delimiter sequence, missing line terminator
[ERROR] /C:/Users/LENOVO/Desktop/Batul/ESM/backend/src/test/java/com/acme/salarymanagement/security/AuthenticationIntegrationTest.java:[77,38] not a statement
[ERROR] /C:/Users/LENOVO/Desktop/Batul/ESM/backend/src/test/java/com/acme/salarymanagement/security/AuthenticationIntegrationTest.java:[77,45] ';' expected
[ERROR] /C:/Users/LENOVO/Desktop/Batul/ESM/backend/src/test/java/com/acme/salarymanagement/security/AuthenticationIntegrationTest.java:[77,86] illegal text block open delimiter sequence, missing line terminator
[ERROR] /C:/Users/LENOVO/Desktop/Batul/ESM/backend/src/test/java/com/acme/salarymanagement/security/AuthenticationIntegrationTest.java:[82,37] illegal text block open delimiter sequence, missing line terminator
[ERROR] /C:/Users/LENOVO/Desktop/Batul/ESM/backend/src/test/java/com/acme/salarymanagement/security/AuthenticationIntegrationTest.java:[82,38] not a statement
[ERROR] /C:/Users/LENOVO/Desktop/Batul/ESM/backend/src/test/java/com/acme/salarymanagement/security/AuthenticationIntegrationTest.java:[82,45] ';' expected
[ERROR] /C:/Users/LENOVO/Desktop/Batul/ESM/backend/src/test/java/com/acme/salarymanagement/security/AuthenticationIntegrationTest.java:[82,91] illegal text block open delimiter sequence, missing line terminator
[ERROR] /C:/Users/LENOVO/Desktop/Batul/ESM/backend/src/test/java/com/acme/salarymanagement/security/AuthenticationIntegrationTest.java:[128,37] illegal text block open delimiter sequence, missing line terminator
[ERROR] /C:/Users/LENOVO/Desktop/Batul/ESM/backend/src/test/java/com/acme/salarymanagement/security/AuthenticationIntegrationTest.java:[128,38] not a statement
[ERROR] /C:/Users/LENOVO/Desktop/Batul/ESM/backend/src/test/java/com/acme/salarymanagement/security/AuthenticationIntegrationTest.java:[128,45] ';' expected
[ERROR] /C:/Users/LENOVO/Desktop/Batul/ESM/backend/src/test/java/com/acme/salarymanagement/security/AuthenticationIntegrationTest.java:[128,100] illegal text block open delimiter sequence, missing line terminator
[INFO] 16 errors 
[INFO] -------------------------------------------------------------
[INFO] ------------------------------------------------------------------------
[INFO] BUILD FAILURE
[INFO] ------------------------------------------------------------------------
[INFO] Total time:  16.043 s
[INFO] Finished at: 2026-09-23T16:15:11+05:30
[INFO] ------------------------------------------------------------------------
[ERROR] Failed to execute goal org.apache.maven.plugins:maven-compiler-plugin:3.14.1:testCompile (default-testCompile) on project salary-management: Compilation failure: Compilation failure: 
[ERROR] /C:/Users/LENOVO/Desktop/Batul/ESM/backend/src/test/java/com/acme/salarymanagement/security/AuthenticationIntegrationTest.java:[66,37] illegal text block open delimiter sequence, missing line terminator
[ERROR] /C:/Users/LENOVO/Desktop/Batul/ESM/backend/src/test/java/com/acme/salarymanagement/security/AuthenticationIntegrationTest.java:[66,38] not a statement
[ERROR] /C:/Users/LENOVO/Desktop/Batul/ESM/backend/src/test/java/com/acme/salarymanagement/security/AuthenticationIntegrationTest.java:[66,45] ';' expected
[ERROR] /C:/Users/LENOVO/Desktop/Batul/ESM/backend/src/test/java/com/acme/salarymanagement/security/AuthenticationIntegrationTest.java:[66,100] illegal text block open delimiter sequence, missing line terminator
[ERROR] /C:/Users/LENOVO/Desktop/Batul/ESM/backend/src/test/java/com/acme/salarymanagement/security/AuthenticationIntegrationTest.java:[77,37] illegal text block open delimiter sequence, missing line terminator
[ERROR] /C:/Users/LENOVO/Desktop/Batul/ESM/backend/src/test/java/com/acme/salarymanagement/security/AuthenticationIntegrationTest.java:[77,38] not a statement
[ERROR] /C:/Users/LENOVO/Desktop/Batul/ESM/backend/src/test/java/com/acme/salarymanagement/security/AuthenticationIntegrationTest.java:[77,45] ';' expected
[ERROR] /C:/Users/LENOVO/Desktop/Batul/ESM/backend/src/test/java/com/acme/salarymanagement/security/AuthenticationIntegrationTest.java:[77,86] illegal text block open delimiter sequence, missing line terminator
[ERROR] /C:/Users/LENOVO/Desktop/Batul/ESM/backend/src/test/java/com/acme/salarymanagement/security/AuthenticationIntegrationTest.java:[82,37] illegal text block open delimiter sequence, missing line terminator
[ERROR] /C:/Users/LENOVO/Desktop/Batul/ESM/backend/src/test/java/com/acme/salarymanagement/security/AuthenticationIntegrationTest.java:[82,38] not a statement
[ERROR] /C:/Users/LENOVO/Desktop/Batul/ESM/backend/src/test/java/com/acme/salarymanagement/security/AuthenticationIntegrationTest.java:[82,45] ';' expected
[ERROR] /C:/Users/LENOVO/Desktop/Batul/ESM/backend/src/test/java/com/acme/salarymanagement/security/AuthenticationIntegrationTest.java:[82,91] illegal text block open delimiter sequence, missing line terminator
[ERROR] /C:/Users/LENOVO/Desktop/Batul/ESM/backend/src/test/java/com/acme/salarymanagement/security/AuthenticationIntegrationTest.java:[128,37] illegal text block open delimiter sequence, missing line terminator
[ERROR] /C:/Users/LENOVO/Desktop/Batul/ESM/backend/src/test/java/com/acme/salarymanagement/security/AuthenticationIntegrationTest.java:[128,38] not a statement
[ERROR] /C:/Users/LENOVO/Desktop/Batul/ESM/backend/src/test/java/com/acme/salarymanagement/security/AuthenticationIntegrationTest.java:[128,45] ';' expected
[ERROR] /C:/Users/LENOVO/Desktop/Batul/ESM/backend/src/test/java/com/acme/salarymanagement/security/AuthenticationIntegrationTest.java:[128,100] illegal text block open delimiter sequence, missing line terminator
[ERROR] -> [Help 1]
[ERROR] 
[ERROR] To see the full stack trace of the errors, re-run Maven with the -e switch.
[ERROR] Re-run Maven using the -X switch to enable full debug logging.
[ERROR] 
[ERROR] For more information about the errors and possible solutions, please read the following articles:
[ERROR] [Help 1] http://cwiki.apache.org/confluence/display/MAVEN/MojoFailureException
